List 0: we -> are -> university
List 1: A -> s -> d -> f
INVALID COMMAND: VIEW
INVALID COMMAND: VIEW
Number of lists: 2
List 0
List 1
INVALID COMMAND: REMOVE
List 0 has been removed.

Number of lists: 1
List 1
INVALID COMMAND: VIEW
INVALID COMMAND: VIEW
INVALID COMMAND: INPUT
char -> char -> char -> char

