INVALID COMMAND: NEW
INVALID COMMAND: NEW
List 0: asd -> asd -> asd
INVALID COMMAND: NEW
INVALID COMMAND: NEW
