INVALID COMMAND: REMOVE
INVALID COMMAND: REMOVE
INVALID COMMAND: REMOVE
List 0: A
List 0 has been removed.

Number of lists: 0
