List 0:   -> aa
List 1: aarya
char -> string
string
