List 0: Aw -> e -> A
List 0 has been removed.

Number of Lists: 0
