List 0: i -> am -> programmer
List 1: comp2017 -> no
List 0 has been removed.

Number of lists: 1
List 1
Number of lists: 1
List 1
