List 0: comp2017 -> malloc -> realloc
comp2017 -> malloc -> realloc
List 1: 2
List 0 has been removed.

Number of lists: 1
List 1
2
INVALID COMMAND: VIEW
INVALID COMMAND: VIEW
